// Jest Snapshot v1, https://goo.gl/fbAQLP

exports[`<Button/> should match snapshot 1`] = `
<div>
  <button
    class="Button-sc-1blhcm6-0 dgxWtS"
  />
</div>
`;
