// Jest Snapshot v1, https://goo.gl/fbAQLP

exports[`<Container/> should match snapshot 1`] = `
<div>
  <div
    class="Container-sc-988piy-0 ernwWR"
  />
</div>
`;
