// Jest Snapshot v1, https://goo.gl/fbAQLP

exports[`<GlobalStyle/> should match snapshot 1`] = `<div />`;
